Microchip MPLAB XC8 Compiler V1.33 ()

Linker command line:

--edf=C:\Program Files (x86)\Microchip\xc8\v1.33\dat\en_msgs.txt -cs \
  -h+dist/default/production\Text_LCD.X.production.sym \
  --cmf=dist/default/production\Text_LCD.X.production.cmf -z -Q18F4520 \
  -oC:\Users\bohome\AppData\Local\Temp\sqs.6 \
  -Mdist/default/production/Text_LCD.X.production.map -E1 -ver=XC8 \
  -ASTACK=080h-05ffh -pstack=STACK -ACODE=00h-07FFFh -ACONST=00h-07FFFh \
  -ASMALLCONST=0600h-06FFhx122 -AMEDIUMCONST=0600h-07FFFh -ACOMRAM=01h-07Fh \
  -AABS1=00h-05FFh -ABIGRAM=01h-05FFh -ARAM=080h-0FFh,0100h-01FFhx5 \
  -ABANK0=080h-0FFh -ABANK1=0100h-01FFh -ABANK2=0200h-02FFh \
  -ABANK3=0300h-03FFh -ABANK4=0400h-04FFh -ABANK5=0500h-05FFh \
  -ASFR=0F80h-0FFFh \
  -preset_vec=00h,intcode=08h,intcodelo,powerup,init,end_init \
  -pramtop=0600h -psmallconst=SMALLCONST -pmediumconst=MEDIUMCONST \
  -pconst=CONST -AFARRAM=00h-00h -ACONFIG=0300000h-030000Dh -pconfig=CONFIG \
  -AIDLOC=0200000h-0200007h -pidloc=IDLOC -AEEDATA=0F00000h-0F000FFh \
  -peeprom_data=EEDATA \
  -prdata=COMRAM,nvrram=COMRAM,nvbit=COMRAM,rbss=COMRAM,rbit=COMRAM \
  -pfarbss=FARRAM,fardata=FARRAM,nvFARRAM=FARRAM \
  -pintsave_regs=BIGRAM,bigbss=BIGRAM,bigdata=BIGRAM -pbss=RAM \
  -pidata=CODE,irdata=CODE,ibigdata=CODE,ifardata=CODE \
  C:\Users\bohome\AppData\Local\Temp\sqs.obj \
  dist/default/production\Text_LCD.X.production.obj 

Object code version is 3.11

Machine type is 18F4520

Call graph: (short form)




                Name                               Link     Load   Length Selector   Space Scale
C:\Users\bohome\AppData\Local\Temp\sqs.obj
                end_init                             18       18        4        4       0
                reset_vec                             0        0        4        0       0
                idloc                            200000   200000        8   200000       0
                config                           300000   300000        E   300000       0
dist/default/production\Text_LCD.X.production.obj
                intcode                               8        8       10        4       0
                smallconst                          600      600       3C      300       0
                intcode_body                        998      998       9E      31E       0
                text17                              DEE      DEE       12      31E       0
                text16                              DDC      DDC       12      31E       0
                text15                              E00      E00       10      31E       0
                text14                              8F4      8F4       A4      31E       0
                text13                              A36      A36       90      31E       0
                text12                              DC6      DC6       16      31E       0
                text11                              D76      D76       1C      31E       0
                text10                              BCA      BCA       6A      31E       0
                text9                               7D6      7D6      11E      31E       0
                text8                               B54      B54       76      31E       0
                text7                               D0A      D0A       3E      31E       0
                text6                               D48      D48       2E      31E       0
                text5                               DAC      DAC       1A      31E       0
                text4                               C34      C34       4E      31E       0
                text3                               CCC      CCC       3E      31E       0
                text2                               63C      63C      19A      31E       0
                text1                               C82      C82       4A      31E       0
                text0                               AC6      AC6       8E      31E       0
                cstackCOMRAM                          1        1       21        1       1
                bssCOMRAM                            22       22        A        1       1
                cinit                               D92      D92       1A      31E       0

TOTAL           Name                               Link     Load   Length     Space
        CLASS   STACK          

        CLASS   CODE           
                end_init                             18       18        4         0
                intcode                               8        8       10         0
                reset_vec                             0        0        4         0
                intcode_body                        998      998       9E         0
                text17                              DEE      DEE       12         0
                text16                              DDC      DDC       12         0
                text15                              E00      E00       10         0
                text14                              8F4      8F4       A4         0
                text13                              A36      A36       90         0
                text12                              DC6      DC6       16         0
                text11                              D76      D76       1C         0
                text10                              BCA      BCA       6A         0
                text9                               7D6      7D6      11E         0
                text8                               B54      B54       76         0
                text7                               D0A      D0A       3E         0
                text6                               D48      D48       2E         0
                text5                               DAC      DAC       1A         0
                text4                               C34      C34       4E         0
                text3                               CCC      CCC       3E         0
                text2                               63C      63C      19A         0
                text1                               C82      C82       4A         0
                text0                               AC6      AC6       8E         0
                cinit                               D92      D92       1A         0

        CLASS   CONST          

        CLASS   SMALLCONST     
                smallconst                          600      600       3C         0

        CLASS   MEDIUMCONST    

        CLASS   COMRAM         
                cstackCOMRAM                          1        1       21         1
                bssCOMRAM                            22       22        A         1

        CLASS   ABS1           

        CLASS   BIGRAM         

        CLASS   RAM            

        CLASS   BANK0          

        CLASS   BANK1          

        CLASS   BANK2          

        CLASS   BANK3          

        CLASS   BANK4          

        CLASS   BANK5          

        CLASS   SFR            

        CLASS   FARRAM         

        CLASS   CONFIG         
                config                           300000   300000        E         0

        CLASS   IDLOC          
                idloc                            200000   200000        8         0

        CLASS   EEDATA         



SEGMENTS        Name                           Load    Length   Top    Selector   Space  Class

                reset_vec                      000000  000004  000004         0       0  CODE    
                cstackCOMRAM                   000001  00002B  00002C         1       1  COMRAM  
                intcode                        000008  000014  00001C         4       0  CODE    
                smallconst                     000600  00003C  00063C       300       0  SMALLCON
                text2                          00063C  0007D4  000E10       31E       0  CODE    
                idloc                          200000  000008  200008    200000       0  IDLOC   
                config                         300000  00000E  30000E    300000       0  CONFIG  


UNUSED ADDRESS RANGES

        Name                Unused          Largest block    Delta
        BANK0            000080-0000FF               80
        BANK1            000100-0001FF              100
        BANK2            000200-0002FF              100
        BANK3            000300-0003FF              100
        BANK4            000400-0004FF              100
        BANK5            000500-0005FF              100
        BIGRAM           00002C-0005FF              5D4
        CODE             000004-000007                4
                         00001C-0005FF              5E4
                         000E10-007FFF             71F0
        COMRAM           00002C-00007F               54
        CONST            000004-000007                4
                         00001C-0005FF              5E4
                         000E10-007FFF             71F0
        EEDATA           F00000-F000FF              100
        MEDIUMCONST      000E10-007FFF             71F0
        RAM              000080-0005FF              100
        SFR              000F80-000FFF               80
        SMALLCONST       000E10-007FFF              100
        STACK            000080-0005FF              580

                                  Symbol Table

?___awdiv                  cstackCOMRAM 00000F
?___awmod                  cstackCOMRAM 00000F
Read_bit@i                 cstackCOMRAM 000010
Read_bit@k                 cstackCOMRAM 00000F
Time_display@buf           cstackCOMRAM 000021
Write_bit@data             cstackCOMRAM 000010
Write_bit@i                cstackCOMRAM 000011
Write_bit@k                cstackCOMRAM 00000F
_ADCON1                    (abs)        000FC1
_Clean_screen              text15       000E00
_Clock_display             text9        0007D6
_ConvertT                  text5        000DAC
_GIEH                      (abs)        007F97
_HighInt                   intcode      000008
_IPEN                      (abs)        007E87
_LCD_init                  text8        000B54
_PORTC                     (abs)        000F82
_PORTD                     (abs)        000F83
_RA4                       (abs)        007C04
_RB3                       (abs)        007C0B
_RB4                       (abs)        007C0C
_RB5                       (abs)        007C0D
_RC0                       (abs)        007C10
_RD7                       (abs)        007C1F
_Read_bit                  text4        000C34
_T1CON                     (abs)        000FCD
_TMR1H                     (abs)        000FCF
_TMR1IE                    (abs)        007CE8
_TMR1IF                    (abs)        007CF0
_TMR1IP                    (abs)        007CF8
_TMR1L                     (abs)        000FCE
_TRISA                     (abs)        000F92
_TRISA4                    (abs)        007C94
_TRISB                     (abs)        000F93
_TRISC                     (abs)        000F94
_TRISD                     (abs)        000F95
_TRISD7                    (abs)        007CAF
_Temp1                     bssCOMRAM    00002A
_Temp2                     bssCOMRAM    00002B
_Time_display              text2        00063C
_Write_bit                 text7        000D0A
__HRAM                     (abs)        000000
__Habs1                    abs1         000000
__Hbank0                   bank0        000000
__Hbank1                   bank1        000000
__Hbank2                   bank2        000000
__Hbank3                   bank3        000000
__Hbank4                   bank4        000000
__Hbank5                   bank5        000000
__Hbigbss                  bigbss       000000
__Hbigdata                 bigdata      000000
__Hbigram                  bigram       000000
__Hbss                     bss          000000
__HbssCOMRAM               bssCOMRAM    000000
__Hcinit                   cinit        000000
__Hclrtext                 clrtext      000000
__Hcomram                  comram       000000
__Hconfig                  config       30000E
__Hconst                   const        000000
__HcstackCOMRAM            cstackCOMRAM 000000
__Hdata                    data         000000
__Heeprom_data             eeprom_data  000000
__Hend_init                end_init     00001C
__Hfarbss                  farbss       000000
__Hfardata                 fardata      000000
__Hibigdata                ibigdata     000000
__Hidata                   idata        000000
__Hidloc                   idloc        200008
__Hifardata                ifardata     000000
__Hinit                    init         000018
__Hintcode                 intcode      000018
__Hintcode_body            intcode_body 000000
__Hintcodelo               intcodelo    000018
__Hintentry                intentry     000000
__Hintret                  intret       000000
__Hintsave_regs            intsave_regs 000000
__Hirdata                  irdata       000000
__Hmediumconst             mediumconst  000000
__HnvFARRAM                nvFARRAM     000000
__Hnvbit                   nvbit        000000
__Hnvrram                  nvrram       000000
__Hparam                   rparam       000000
__Hpowerup                 powerup      000018
__Hram                     ram          000000
__Hramtop                  ramtop       000600
__Hrbit                    rbit         000000
__Hrbss                    rbss         000000
__Hrdata                   rdata        000000
__Hreset_vec               reset_vec    000004
__Hrparam                  rparam       000000
__Hsfr                     sfr          000000
__Hsmallconst              smallconst   00063C
__Hspace_0                 (abs)        30000E
__Hspace_1                 (abs)        00002C
__Hspace_2                 (abs)        000000
__Hstack                   stack        000000
__Hstruct                  struct       000000
__Htemp                    temp         000000
__Htext                    text         000000
__Htext0                   text0        000000
__Htext1                   text1        000000
__Htext10                  text10       000000
__Htext11                  text11       000000
__Htext12                  text12       000000
__Htext13                  text13       000000
__Htext14                  text14       000000
__Htext15                  text15       000000
__Htext16                  text16       000000
__Htext17                  text17       000000
__Htext2                   text2        000000
__Htext3                   text3        000000
__Htext4                   text4        000000
__Htext5                   text5        000000
__Htext6                   text6        000000
__Htext7                   text7        000000
__Htext8                   text8        000000
__Htext9                   text9        000000
__LRAM                     (abs)        000001
__Labs1                    abs1         000000
__Lbank0                   bank0        000000
__Lbank1                   bank1        000000
__Lbank2                   bank2        000000
__Lbank3                   bank3        000000
__Lbank4                   bank4        000000
__Lbank5                   bank5        000000
__Lbigbss                  bigbss       000000
__Lbigdata                 bigdata      000000
__Lbigram                  bigram       000000
__Lbss                     bss          000000
__LbssCOMRAM               bssCOMRAM    000000
__Lcinit                   cinit        000000
__Lclrtext                 clrtext      000000
__Lcomram                  comram       000000
__Lconfig                  config       300000
__Lconst                   const        000000
__LcstackCOMRAM            cstackCOMRAM 000000
__Ldata                    data         000000
__Leeprom_data             eeprom_data  000000
__Lend_init                end_init     000018
__Lfarbss                  farbss       000000
__Lfardata                 fardata      000000
__Libigdata                ibigdata     000000
__Lidata                   idata        000000
__Lidloc                   idloc        200000
__Lifardata                ifardata     000000
__Linit                    init         000018
__Lintcode                 intcode      000008
__Lintcode_body            intcode_body 000000
__Lintcodelo               intcodelo    000018
__Lintentry                intentry     000000
__Lintret                  intret       000000
__Lintsave_regs            intsave_regs 000000
__Lirdata                  irdata       000000
__Lmediumconst             mediumconst  000000
__LnvFARRAM                nvFARRAM     000000
__Lnvbit                   nvbit        000000
__Lnvrram                  nvrram       000000
__Lparam                   rparam       000000
__Lpowerup                 powerup      000018
__Lram                     ram          000000
__Lramtop                  ramtop       000600
__Lrbit                    rbit         000000
__Lrbss                    rbss         000000
__Lrdata                   rdata        000000
__Lreset_vec               reset_vec    000000
__Lrparam                  rparam       000000
__Lsfr                     sfr          000000
__Lsmallconst              smallconst   000600
__Lspace_0                 (abs)        000000
__Lspace_1                 (abs)        000000
__Lspace_2                 (abs)        000000
__Lstack                   stack        000000
__Lstruct                  struct       000000
__Ltemp                    temp         000000
__Ltext                    text         000000
__Ltext0                   text0        000000
__Ltext1                   text1        000000
__Ltext10                  text10       000000
__Ltext11                  text11       000000
__Ltext12                  text12       000000
__Ltext13                  text13       000000
__Ltext14                  text14       000000
__Ltext15                  text15       000000
__Ltext16                  text16       000000
__Ltext17                  text17       000000
__Ltext2                   text2        000000
__Ltext3                   text3        000000
__Ltext4                   text4        000000
__Ltext5                   text5        000000
__Ltext6                   text6        000000
__Ltext7                   text7        000000
__Ltext8                   text8        000000
__Ltext9                   text9        000000
__S0                       (abs)        30000E
__S1                       (abs)        00002C
__S2                       (abs)        000000
___awdiv                   text14       0008F4
___awdiv@counter           cstackCOMRAM 000013
___awdiv@dividend          cstackCOMRAM 00000F
___awdiv@divisor           cstackCOMRAM 000011
___awdiv@quotient          cstackCOMRAM 000015
___awdiv@sign              cstackCOMRAM 000014
___awmod                   text13       000A36
___awmod@counter           cstackCOMRAM 000013
___awmod@dividend          cstackCOMRAM 00000F
___awmod@divisor           cstackCOMRAM 000011
___awmod@sign              cstackCOMRAM 000014
___delay_s                 text1        000C82
___delay_s@i               cstackCOMRAM 000012
___delay_s@t               cstackCOMRAM 00000F
___inthi_sp                stack        000000
___intlo_sp                stack        000000
___sp                      stack        000000
__accesstop                (abs)        000080
__activetblptr             (abs)        000001
__end_of_Clean_screen      text15       000E10
__end_of_Clock_display     text9        0008F4
__end_of_ConvertT          text5        000DC6
__end_of_HighInt           intcode_body 000A36
__end_of_LCD_init          text8        000BCA
__end_of_Read_bit          text4        000C82
__end_of_Time_display      text2        0007D6
__end_of_Write_bit         text7        000D48
__end_of___awdiv           text14       000998
__end_of___awmod           text13       000AC6
__end_of___delay_s         text1        000CCC
__end_of__initialization   cinit        000D9E
__end_of__stringdata       smallconst   00063A
__end_of_busy_bus          text17       000E00
__end_of_dispalay          text11       000D92
__end_of_dispalay_string   text10       000C34
__end_of_main              text0        000B54
__end_of_read_T            text3        000D0A
__end_of_reset             text6        000D76
__end_of_tablexiao         smallconst   000611
__end_of_write_com         text16       000DEE
__end_of_write_data        text12       000DDC
__initialization           cinit        000D92
__mediumconst              mediumconst  000000
__pbssCOMRAM               bssCOMRAM    000022
__pcinit                   cinit        000D92
__pcstackCOMRAM            cstackCOMRAM 000001
__pintcode                 intcode      000008
__pintcode_body            intcode_body 000998
__psmallconst              smallconst   000600
__ptext0                   text0        000AC6
__ptext1                   text1        000C82
__ptext10                  text10       000BCA
__ptext11                  text11       000D76
__ptext12                  text12       000DC6
__ptext13                  text13       000A36
__ptext14                  text14       0008F4
__ptext15                  text15       000E00
__ptext16                  text16       000DDC
__ptext17                  text17       000DEE
__ptext2                   text2        00063C
__ptext3                   text3        000CCC
__ptext4                   text4        000C34
__ptext5                   text5        000DAC
__ptext6                   text6        000D48
__ptext7                   text7        000D0A
__ptext8                   text8        000B54
__ptext9                   text9        0007D6
__ramtop                   ramtop       000600
__size_of_Clean_screen     (abs)        000000
__size_of_Clock_display    (abs)        000000
__size_of_ConvertT         (abs)        000000
__size_of_HighInt          (abs)        000000
__size_of_LCD_init         (abs)        000000
__size_of_Read_bit         (abs)        000000
__size_of_Time_display     (abs)        000000
__size_of_Write_bit        (abs)        000000
__size_of___awdiv          (abs)        000000
__size_of___awmod          (abs)        000000
__size_of___delay_s        (abs)        000000
__size_of_busy_bus         (abs)        000000
__size_of_dispalay         (abs)        000000
__size_of_dispalay_string  (abs)        000000
__size_of_main             (abs)        000000
__size_of_read_T           (abs)        000000
__size_of_reset            (abs)        000000
__size_of_write_com        (abs)        000000
__size_of_write_data       (abs)        000000
__smallconst               smallconst   000600
__stringdata               smallconst   000611
_busy_bus                  text17       000DEE
_count                     bssCOMRAM    000022
_dispalay                  text11       000D76
_dispalay_string           text10       000BCA
_hour                      bssCOMRAM    000024
_main                      text0        000AC6
_min                       bssCOMRAM    000026
_read_T                    text3        000CCC
_reset                     text6        000D48
_sec                       bssCOMRAM    000028
_tablexiao                 smallconst   000601
_write_com                 text16       000DDC
_write_data                text12       000DC6
dispalay@data              cstackCOMRAM 000017
dispalay@x                 cstackCOMRAM 000018
dispalay_string@sp         cstackCOMRAM 000019
dispalay_string@start_addr cstackCOMRAM 00001B
dispalay_string@str_length cstackCOMRAM 00001E
end_of_initialization      cinit        000D9E
int_func                   intcode_body 000998
intlevel0                  text         000000
intlevel1                  text         000000
intlevel2                  text         000000
intlevel3                  text         000000
read_T@LSB                 cstackCOMRAM 000014
read_T@MSB                 cstackCOMRAM 000013
reset@out                  cstackCOMRAM 00000F
stackhi                    (abs)        0005FF
stacklo                    (abs)        000080
start                      init         000018
start_initialization       cinit        000D92
write_com@data             cstackCOMRAM 00000F
write_data@data            cstackCOMRAM 00000F


FUNCTION INFORMATION:

 *************** function _main *****************
 Defined at:
		line 17 in file "main.c"
 Parameters:    Size  Location     Type
		None
 Auto vars:     Size  Location     Type
		None
 Return value:  Size  Location     Type
                  2   66[COMRAM] int 
 Registers used:
		wreg, status,2, status,0, tblptrl, tblptrh, tblptru, prodl, prodh, cstack
 Tracked objects:
		On entry : 
		On exit  : 
		Unchanged: 
 Data sizes:     COMRAM   BANK0   BANK1   BANK2   BANK3   BANK4   BANK5
      Params:         0       0       0       0       0       0       0
      Locals:         0       0       0       0       0       0       0
      Temps:          0       0       0       0       0       0       0
      Totals:         0       0       0       0       0       0       0
Total ram usage:        0 bytes
 Hardware stack levels required when called:    6
 This function calls:
		_Clean_screen
		_Clock_display
		_LCD_init
		_Time_display
		___awmod
		___delay_s
		_dispalay_string
 This function is called by:
		Startup code after reset
 This function uses a non-reentrant model


 *************** function ___delay_s *****************
 Defined at:
		line 75 in file "main.c"
 Parameters:    Size  Location     Type
  t               2   14[COMRAM] int 
 Auto vars:     Size  Location     Type
  i               2   17[COMRAM] int 
 Return value:  Size  Location     Type
		None               void
 Registers used:
		wreg, status,2, status,0, prodl
 Tracked objects:
		On entry : 
		On exit  : 
		Unchanged: 
 Data sizes:     COMRAM   BANK0   BANK1   BANK2   BANK3   BANK4   BANK5
      Params:         2       0       0       0       0       0       0
      Locals:         2       0       0       0       0       0       0
      Temps:          1       0       0       0       0       0       0
      Totals:         5       0       0       0       0       0       0
Total ram usage:        5 bytes
 Hardware stack levels used:    1
 Hardware stack levels required when called:    1
 This function calls:
		Nothing
 This function is called by:
		_main
 This function uses a non-reentrant model


 *************** function _Time_display *****************
 Defined at:
		line 140 in file "main.c"
 Parameters:    Size  Location     Type
		None
 Auto vars:     Size  Location     Type
  buf             1   32[COMRAM] unsigned char 
 Return value:  Size  Location     Type
		None               void
 Registers used:
		wreg, status,2, status,0, tblptrl, tblptrh, tblptru, prodl, prodh, cstack
 Tracked objects:
		On entry : 
		On exit  : 
		Unchanged: 
 Data sizes:     COMRAM   BANK0   BANK1   BANK2   BANK3   BANK4   BANK5
      Params:         0       0       0       0       0       0       0
      Locals:         1       0       0       0       0       0       0
      Temps:          1       0       0       0       0       0       0
      Totals:         2       0       0       0       0       0       0
Total ram usage:        2 bytes
 Hardware stack levels used:    1
 Hardware stack levels required when called:    5
 This function calls:
		_ConvertT
		___awdiv
		___awmod
		_dispalay
		_dispalay_string
		_read_T
 This function is called by:
		_main
 This function uses a non-reentrant model


 *************** function _read_T *****************
 Defined at:
		line 92 in file "Temp.c"
 Parameters:    Size  Location     Type
		None
 Auto vars:     Size  Location     Type
  LSB             1   19[COMRAM] unsigned char 
  MSB             1   18[COMRAM] unsigned char 
 Return value:  Size  Location     Type
		None               void
 Registers used:
		wreg, status,2, status,0, cstack
 Tracked objects:
		On entry : 
		On exit  : 
		Unchanged: 
 Data sizes:     COMRAM   BANK0   BANK1   BANK2   BANK3   BANK4   BANK5
      Params:         0       0       0       0       0       0       0
      Locals:         2       0       0       0       0       0       0
      Temps:          1       0       0       0       0       0       0
      Totals:         3       0       0       0       0       0       0
Total ram usage:        3 bytes
 Hardware stack levels used:    1
 Hardware stack levels required when called:    2
 This function calls:
		_Read_bit
		_Write_bit
		_reset
 This function is called by:
		_Time_display
 This function uses a non-reentrant model


 *************** function _Read_bit *****************
 Defined at:
		line 53 in file "Temp.c"
 Parameters:    Size  Location     Type
		None
 Auto vars:     Size  Location     Type
  i               2   15[COMRAM] int 
  k               1   14[COMRAM] unsigned char 
 Return value:  Size  Location     Type
                  1    wreg      unsigned char 
 Registers used:
		wreg, status,2, status,0
 Tracked objects:
		On entry : 
		On exit  : 
		Unchanged: 
 Data sizes:     COMRAM   BANK0   BANK1   BANK2   BANK3   BANK4   BANK5
      Params:         0       0       0       0       0       0       0
      Locals:         3       0       0       0       0       0       0
      Temps:          0       0       0       0       0       0       0
      Totals:         3       0       0       0       0       0       0
Total ram usage:        3 bytes
 Hardware stack levels used:    1
 Hardware stack levels required when called:    1
 This function calls:
		Nothing
 This function is called by:
		_read_T
 This function uses a non-reentrant model


 *************** function _ConvertT *****************
 Defined at:
		line 83 in file "Temp.c"
 Parameters:    Size  Location     Type
		None
 Auto vars:     Size  Location     Type
		None
 Return value:  Size  Location     Type
		None               void
 Registers used:
		wreg, status,2, status,0, cstack
 Tracked objects:
		On entry : 
		On exit  : 
		Unchanged: 
 Data sizes:     COMRAM   BANK0   BANK1   BANK2   BANK3   BANK4   BANK5
      Params:         0       0       0       0       0       0       0
      Locals:         0       0       0       0       0       0       0
      Temps:          1       0       0       0       0       0       0
      Totals:         1       0       0       0       0       0       0
Total ram usage:        1 bytes
 Hardware stack levels used:    1
 Hardware stack levels required when called:    2
 This function calls:
		_Write_bit
		_reset
 This function is called by:
		_Time_display
 This function uses a non-reentrant model


 *************** function _reset *****************
 Defined at:
		line 4 in file "Temp.c"
 Parameters:    Size  Location     Type
		None
 Auto vars:     Size  Location     Type
  out             1   14[COMRAM] unsigned char 
 Return value:  Size  Location     Type
                  1    wreg      unsigned char 
 Registers used:
		wreg, status,2
 Tracked objects:
		On entry : 
		On exit  : 
		Unchanged: 
 Data sizes:     COMRAM   BANK0   BANK1   BANK2   BANK3   BANK4   BANK5
      Params:         0       0       0       0       0       0       0
      Locals:         1       0       0       0       0       0       0
      Temps:          0       0       0       0       0       0       0
      Totals:         1       0       0       0       0       0       0
Total ram usage:        1 bytes
 Hardware stack levels used:    1
 Hardware stack levels required when called:    1
 This function calls:
		Nothing
 This function is called by:
		_ConvertT
		_read_T
 This function uses a non-reentrant model


 *************** function _Write_bit *****************
 Defined at:
		line 27 in file "Temp.c"
 Parameters:    Size  Location     Type
  data            1    wreg     unsigned char 
 Auto vars:     Size  Location     Type
  data            1   15[COMRAM] unsigned char 
  i               1   16[COMRAM] unsigned char 
  k               1   14[COMRAM] unsigned char 
 Return value:  Size  Location     Type
		None               void
 Registers used:
		wreg, status,2, status,0
 Tracked objects:
		On entry : 
		On exit  : 
		Unchanged: 
 Data sizes:     COMRAM   BANK0   BANK1   BANK2   BANK3   BANK4   BANK5
      Params:         0       0       0       0       0       0       0
      Locals:         3       0       0       0       0       0       0
      Temps:          0       0       0       0       0       0       0
      Totals:         3       0       0       0       0       0       0
Total ram usage:        3 bytes
 Hardware stack levels used:    1
 Hardware stack levels required when called:    1
 This function calls:
		Nothing
 This function is called by:
		_ConvertT
		_read_T
 This function uses a non-reentrant model


 *************** function _LCD_init *****************
 Defined at:
		line 2 in file "1602.c"
 Parameters:    Size  Location     Type
		None
 Auto vars:     Size  Location     Type
		None
 Return value:  Size  Location     Type
		None               void
 Registers used:
		wreg, cstack
 Tracked objects:
		On entry : 
		On exit  : 
		Unchanged: 
 Data sizes:     COMRAM   BANK0   BANK1   BANK2   BANK3   BANK4   BANK5
      Params:         0       0       0       0       0       0       0
      Locals:         0       0       0       0       0       0       0
      Temps:          1       0       0       0       0       0       0
      Totals:         1       0       0       0       0       0       0
Total ram usage:        1 bytes
 Hardware stack levels used:    1
 Hardware stack levels required when called:    2
 This function calls:
		_busy_bus
		_write_com
 This function is called by:
		_main
 This function uses a non-reentrant model


 *************** function _Clock_display *****************
 Defined at:
		line 111 in file "main.c"
 Parameters:    Size  Location     Type
		None
 Auto vars:     Size  Location     Type
		None
 Return value:  Size  Location     Type
		None               void
 Registers used:
		wreg, status,2, status,0, tblptrl, tblptrh, tblptru, prodl, cstack
 Tracked objects:
		On entry : 
		On exit  : 
		Unchanged: 
 Data sizes:     COMRAM   BANK0   BANK1   BANK2   BANK3   BANK4   BANK5
      Params:         0       0       0       0       0       0       0
      Locals:         0       0       0       0       0       0       0
      Temps:          0       0       0       0       0       0       0
      Totals:         0       0       0       0       0       0       0
Total ram usage:        0 bytes
 Hardware stack levels used:    1
 Hardware stack levels required when called:    5
 This function calls:
		___awdiv
		___awmod
		_dispalay
		_dispalay_string
 This function is called by:
		_main
 This function uses a non-reentrant model


 *************** function _dispalay_string *****************
 Defined at:
		line 61 in file "1602.c"
 Parameters:    Size  Location     Type
  sp              2   24[COMRAM] PTR unsigned char 
		 -> STR_6(5), STR_5(4), STR_4(5), STR_3(10), 
		 -> STR_2(10), STR_1(7), 
  start_addr      1   26[COMRAM] unsigned char 
 Auto vars:     Size  Location     Type
  str_length      2   29[COMRAM] int 
 Return value:  Size  Location     Type
		None               void
 Registers used:
		wreg, status,2, status,0, tblptrl, tblptrh, tblptru, cstack
 Tracked objects:
		On entry : 
		On exit  : 
		Unchanged: 
 Data sizes:     COMRAM   BANK0   BANK1   BANK2   BANK3   BANK4   BANK5
      Params:         3       0       0       0       0       0       0
      Locals:         2       0       0       0       0       0       0
      Temps:          2       0       0       0       0       0       0
      Totals:         7       0       0       0       0       0       0
Total ram usage:        7 bytes
 Hardware stack levels used:    1
 Hardware stack levels required when called:    4
 This function calls:
		_busy_bus
		_dispalay
		_write_data
 This function is called by:
		_main
		_Clock_display
		_Time_display
 This function uses a non-reentrant model


 *************** function _dispalay *****************
 Defined at:
		line 51 in file "1602.c"
 Parameters:    Size  Location     Type
  x               1    wreg     unsigned char 
  data            1   22[COMRAM] unsigned char 
 Auto vars:     Size  Location     Type
  x               1   23[COMRAM] unsigned char 
 Return value:  Size  Location     Type
		None               void
 Registers used:
		wreg, status,2, cstack
 Tracked objects:
		On entry : 
		On exit  : 
		Unchanged: 
 Data sizes:     COMRAM   BANK0   BANK1   BANK2   BANK3   BANK4   BANK5
      Params:         1       0       0       0       0       0       0
      Locals:         1       0       0       0       0       0       0
      Temps:          0       0       0       0       0       0       0
      Totals:         2       0       0       0       0       0       0
Total ram usage:        2 bytes
 Hardware stack levels used:    1
 Hardware stack levels required when called:    3
 This function calls:
		_busy_bus
		_write_com
		_write_data
 This function is called by:
		_Clock_display
		_Time_display
		_dispalay_string
 This function uses a non-reentrant model


 *************** function _write_data *****************
 Defined at:
		line 41 in file "1602.c"
 Parameters:    Size  Location     Type
  data            1    wreg     unsigned char 
 Auto vars:     Size  Location     Type
  data            1   14[COMRAM] unsigned char 
 Return value:  Size  Location     Type
		None               void
 Registers used:
		wreg, cstack
 Tracked objects:
		On entry : 
		On exit  : 
		Unchanged: 
 Data sizes:     COMRAM   BANK0   BANK1   BANK2   BANK3   BANK4   BANK5
      Params:         0       0       0       0       0       0       0
      Locals:         1       0       0       0       0       0       0
      Temps:          0       0       0       0       0       0       0
      Totals:         1       0       0       0       0       0       0
Total ram usage:        1 bytes
 Hardware stack levels used:    1
 Hardware stack levels required when called:    2
 This function calls:
		_busy_bus
 This function is called by:
		_dispalay
		_dispalay_string
 This function uses a non-reentrant model


 *************** function ___awmod *****************
 Defined at:
		line 8 in file "C:\Program Files (x86)\Microchip\xc8\v1.33\sources\common\awmod.c"
 Parameters:    Size  Location     Type
  dividend        2   14[COMRAM] int 
  divisor         2   16[COMRAM] int 
 Auto vars:     Size  Location     Type
  sign            1   19[COMRAM] unsigned char 
  counter         1   18[COMRAM] unsigned char 
 Return value:  Size  Location     Type
                  2   14[COMRAM] int 
 Registers used:
		wreg, status,2, status,0, prodl
 Tracked objects:
		On entry : 
		On exit  : 
		Unchanged: 
 Data sizes:     COMRAM   BANK0   BANK1   BANK2   BANK3   BANK4   BANK5
      Params:         4       0       0       0       0       0       0
      Locals:         2       0       0       0       0       0       0
      Temps:          0       0       0       0       0       0       0
      Totals:         6       0       0       0       0       0       0
Total ram usage:        6 bytes
 Hardware stack levels used:    1
 Hardware stack levels required when called:    1
 This function calls:
		Nothing
 This function is called by:
		_main
		_Clock_display
		_Time_display
 This function uses a non-reentrant model


 *************** function ___awdiv *****************
 Defined at:
		line 8 in file "C:\Program Files (x86)\Microchip\xc8\v1.33\sources\common\awdiv.c"
 Parameters:    Size  Location     Type
  dividend        2   14[COMRAM] int 
  divisor         2   16[COMRAM] int 
 Auto vars:     Size  Location     Type
  quotient        2   20[COMRAM] int 
  sign            1   19[COMRAM] unsigned char 
  counter         1   18[COMRAM] unsigned char 
 Return value:  Size  Location     Type
                  2   14[COMRAM] int 
 Registers used:
		wreg, status,2, status,0, prodl
 Tracked objects:
		On entry : 
		On exit  : 
		Unchanged: 
 Data sizes:     COMRAM   BANK0   BANK1   BANK2   BANK3   BANK4   BANK5
      Params:         4       0       0       0       0       0       0
      Locals:         4       0       0       0       0       0       0
      Temps:          0       0       0       0       0       0       0
      Totals:         8       0       0       0       0       0       0
Total ram usage:        8 bytes
 Hardware stack levels used:    1
 Hardware stack levels required when called:    1
 This function calls:
		Nothing
 This function is called by:
		_Clock_display
		_Time_display
 This function uses a non-reentrant model


 *************** function _Clean_screen *****************
 Defined at:
		line 75 in file "1602.c"
 Parameters:    Size  Location     Type
		None
 Auto vars:     Size  Location     Type
		None
 Return value:  Size  Location     Type
		None               void
 Registers used:
		wreg, cstack
 Tracked objects:
		On entry : 
		On exit  : 
		Unchanged: 
 Data sizes:     COMRAM   BANK0   BANK1   BANK2   BANK3   BANK4   BANK5
      Params:         0       0       0       0       0       0       0
      Locals:         0       0       0       0       0       0       0
      Temps:          0       0       0       0       0       0       0
      Totals:         0       0       0       0       0       0       0
Total ram usage:        0 bytes
 Hardware stack levels used:    1
 Hardware stack levels required when called:    2
 This function calls:
		_busy_bus
		_write_com
 This function is called by:
		_main
 This function uses a non-reentrant model


 *************** function _write_com *****************
 Defined at:
		line 31 in file "1602.c"
 Parameters:    Size  Location     Type
  data            1    wreg     unsigned char 
 Auto vars:     Size  Location     Type
  data            1   14[COMRAM] unsigned char 
 Return value:  Size  Location     Type
		None               void
 Registers used:
		wreg
 Tracked objects:
		On entry : 
		On exit  : 
		Unchanged: 
 Data sizes:     COMRAM   BANK0   BANK1   BANK2   BANK3   BANK4   BANK5
      Params:         0       0       0       0       0       0       0
      Locals:         1       0       0       0       0       0       0
      Temps:          0       0       0       0       0       0       0
      Totals:         1       0       0       0       0       0       0
Total ram usage:        1 bytes
 Hardware stack levels used:    1
 Hardware stack levels required when called:    1
 This function calls:
		Nothing
 This function is called by:
		_LCD_init
		_dispalay
		_Clean_screen
 This function uses a non-reentrant model


 *************** function _busy_bus *****************
 Defined at:
		line 21 in file "1602.c"
 Parameters:    Size  Location     Type
		None
 Auto vars:     Size  Location     Type
		None
 Return value:  Size  Location     Type
		None               void
 Registers used:
		None
 Tracked objects:
		On entry : 
		On exit  : 
		Unchanged: 
 Data sizes:     COMRAM   BANK0   BANK1   BANK2   BANK3   BANK4   BANK5
      Params:         0       0       0       0       0       0       0
      Locals:         0       0       0       0       0       0       0
      Temps:          0       0       0       0       0       0       0
      Totals:         0       0       0       0       0       0       0
Total ram usage:        0 bytes
 Hardware stack levels used:    1
 Hardware stack levels required when called:    1
 This function calls:
		Nothing
 This function is called by:
		_LCD_init
		_write_data
		_dispalay
		_dispalay_string
		_Clean_screen
 This function uses a non-reentrant model


 *************** function _HighInt *****************
 Defined at:
		line 85 in file "main.c"
 Parameters:    Size  Location     Type
		None
 Auto vars:     Size  Location     Type
		None
 Return value:  Size  Location     Type
		None               void
 Registers used:
		wreg, status,2, status,0
 Tracked objects:
		On entry : 
		On exit  : 
		Unchanged: 
 Data sizes:     COMRAM   BANK0   BANK1   BANK2   BANK3   BANK4   BANK5
      Params:         0       0       0       0       0       0       0
      Locals:         0       0       0       0       0       0       0
      Temps:         14       0       0       0       0       0       0
      Totals:        14       0       0       0       0       0       0
Total ram usage:       14 bytes
 Hardware stack levels used:    1
 This function calls:
		Nothing
 This function is called by:
		Interrupt level 2
 This function uses a non-reentrant model



MODULE INFORMATION

Module		Function		Class		Link	Load	Size
1602.c
		_dispalay_strin		CODE           	0BCA	0000	106
		_write_data    		CODE           	0DC6	0000	22
		_write_com     		CODE           	0DDC	0000	18
		_busy_bus      		CODE           	0DEE	0000	18
		_dispalay      		CODE           	0D76	0000	28
		_LCD_init      		CODE           	0B54	0000	118
		_Clean_screen  		CODE           	0E00	0000	16

1602.c estimated size: 326

C:\Program Files (x86)\Microchip\xc8\v1.33\sources\common\awmod.c
		___awmod       		CODE           	0A36	0000	144

C:\Program Files (x86)\Microchip\xc8\v1.33\sources\common\awmod.c estimated size: 144

Temp.c
		_reset         		CODE           	0D48	0000	46
		_Read_bit      		CODE           	0C34	0000	78
		_Write_bit     		CODE           	0D0A	0000	62
		_ConvertT      		CODE           	0DAC	0000	26
		_read_T        		CODE           	0CCC	0000	62

Temp.c estimated size: 274

C:\Program Files (x86)\Microchip\xc8\v1.33\sources\common\awdiv.c
		___awdiv       		CODE           	08F4	0000	164

C:\Program Files (x86)\Microchip\xc8\v1.33\sources\common\awdiv.c estimated size: 164

shared
		__stringdata   		SMALLCONST     	0611	0000	41
		__initializatio		CODE           	0D92	0000	12
		_tablexiao     		SMALLCONST     	0601	0000	16

shared estimated size: 69

main.c
		_main          		CODE           	0AC6	0000	142
		___delay_s     		CODE           	0C82	0000	74
		_Clock_display 		CODE           	07D6	0000	286
		_Time_display  		CODE           	063C	0000	410
		_HighInt       		CODE           	0008	0000	2606

main.c estimated size: 3518

